Archive member included because of file (symbol)

/home/dpeter/CodeSourcery/Sourcery_CodeBench_Lite_for_ARM_EABI/bin/../lib/gcc/arm-none-eabi/4.7.3/../../../../arm-none-eabi/lib/thumb2/libc.a(lib_a-memset.o)
                              build/obj/usb.o (memset)
/home/dpeter/CodeSourcery/Sourcery_CodeBench_Lite_for_ARM_EABI/bin/../lib/gcc/arm-none-eabi/4.7.3/../../../../arm-none-eabi/lib/thumb2/libc.a(lib_a-strcasecmp.o)
                              build/obj/shell.o (strcasecmp)
/home/dpeter/CodeSourcery/Sourcery_CodeBench_Lite_for_ARM_EABI/bin/../lib/gcc/arm-none-eabi/4.7.3/../../../../arm-none-eabi/lib/thumb2/libc.a(lib_a-strlen.o)
                              build/obj/main.o (strlen)
/home/dpeter/CodeSourcery/Sourcery_CodeBench_Lite_for_ARM_EABI/bin/../lib/gcc/arm-none-eabi/4.7.3/../../../../arm-none-eabi/lib/thumb2/libc.a(lib_a-strpbrk.o)
                              build/obj/shell.o (strpbrk)
/home/dpeter/CodeSourcery/Sourcery_CodeBench_Lite_for_ARM_EABI/bin/../lib/gcc/arm-none-eabi/4.7.3/../../../../arm-none-eabi/lib/thumb2/libc.a(lib_a-strspn.o)
                              build/obj/shell.o (strspn)
/home/dpeter/CodeSourcery/Sourcery_CodeBench_Lite_for_ARM_EABI/bin/../lib/gcc/arm-none-eabi/4.7.3/../../../../arm-none-eabi/lib/thumb2/libc.a(lib_a-ctype_.o)
                              /home/dpeter/CodeSourcery/Sourcery_CodeBench_Lite_for_ARM_EABI/bin/../lib/gcc/arm-none-eabi/4.7.3/../../../../arm-none-eabi/lib/thumb2/libc.a(lib_a-strcasecmp.o) (__ctype_ptr__)

Discarded input sections

 .text          0x00000000        0x0 build/obj/crt0.o
 .data          0x00000000        0x0 build/obj/crt0.o
 .bss           0x00000000        0x0 build/obj/crt0.o
 .text.__early_init
                0x00000000       0x10 build/obj/crt0.o
 .text          0x00000000        0x0 build/obj/vectors.o
 .data          0x00000000        0x0 build/obj/vectors.o
 .bss           0x00000000        0x0 build/obj/vectors.o
 .text          0x00000000        0x0 build/obj/chcore.o
 .data          0x00000000        0x0 build/obj/chcore.o
 .bss           0x00000000        0x0 build/obj/chcore.o
 .text.port_halt
                0x00000000       0x10 build/obj/chcore.o
 .debug_info    0x00000000       0x96 build/obj/chcore.o
 .debug_abbrev  0x00000000       0x42 build/obj/chcore.o
 .debug_aranges
                0x00000000       0x20 build/obj/chcore.o
 .debug_ranges  0x00000000       0x10 build/obj/chcore.o
 .debug_line    0x00000000       0x73 build/obj/chcore.o
 .debug_str     0x00000000       0xf1 build/obj/chcore.o
 .comment       0x00000000       0x31 build/obj/chcore.o
 .ARM.attributes
                0x00000000       0x33 build/obj/chcore.o
 .debug_frame   0x00000000       0x20 build/obj/chcore.o
 .text          0x00000000        0x0 build/obj/chcore_v7m.o
 .data          0x00000000        0x0 build/obj/chcore_v7m.o
 .bss           0x00000000        0x0 build/obj/chcore_v7m.o
 .text          0x00000000        0x0 build/obj/nvic.o
 .data          0x00000000        0x0 build/obj/nvic.o
 .bss           0x00000000        0x0 build/obj/nvic.o
 .text.nvicDisableVector
                0x00000000       0x40 build/obj/nvic.o
 .text          0x00000000        0x0 build/obj/chsys.o
 .data          0x00000000        0x0 build/obj/chsys.o
 .bss           0x00000000        0x0 build/obj/chsys.o
 .text          0x00000000        0x0 build/obj/chdebug.o
 .data          0x00000000        0x0 build/obj/chdebug.o
 .bss           0x00000000        0x0 build/obj/chdebug.o
 .debug_info    0x00000000       0x75 build/obj/chdebug.o
 .debug_abbrev  0x00000000       0x24 build/obj/chdebug.o
 .debug_aranges
                0x00000000       0x18 build/obj/chdebug.o
 .debug_line    0x00000000       0x1d build/obj/chdebug.o
 .debug_str     0x00000000       0xe2 build/obj/chdebug.o
 .comment       0x00000000       0x31 build/obj/chdebug.o
 .ARM.attributes
                0x00000000       0x33 build/obj/chdebug.o
 .text          0x00000000        0x0 build/obj/chlists.o
 .data          0x00000000        0x0 build/obj/chlists.o
 .bss           0x00000000        0x0 build/obj/chlists.o
 .debug_info    0x00000000       0x75 build/obj/chlists.o
 .debug_abbrev  0x00000000       0x24 build/obj/chlists.o
 .debug_aranges
                0x00000000       0x18 build/obj/chlists.o
 .debug_line    0x00000000       0x1d build/obj/chlists.o
 .debug_str     0x00000000       0xe2 build/obj/chlists.o
 .comment       0x00000000       0x31 build/obj/chlists.o
 .ARM.attributes
                0x00000000       0x33 build/obj/chlists.o
 .text          0x00000000        0x0 build/obj/chvt.o
 .data          0x00000000        0x0 build/obj/chvt.o
 .bss           0x00000000        0x0 build/obj/chvt.o
 .text          0x00000000        0x0 build/obj/chschd.o
 .data          0x00000000        0x0 build/obj/chschd.o
 .bss           0x00000000        0x0 build/obj/chschd.o
 .text          0x00000000        0x0 build/obj/chthreads.o
[...]
Memory Configuration

Name             Origin             Length             Attributes
flash            0x08000000         0x00100000
ram              0x20000000         0x0001c000
ethram           0x2001c000         0x00004000
ccmram           0x10000000         0x00010000
*default*        0x00000000         0xffffffff

Linker script and memory map

LOAD build/obj/crt0.o
LOAD build/obj/vectors.o
LOAD build/obj/chcore.o
LOAD build/obj/chcore_v7m.o
LOAD build/obj/nvic.o
LOAD build/obj/chsys.o
LOAD build/obj/chdebug.o
LOAD build/obj/chlists.o
LOAD build/obj/chvt.o
LOAD build/obj/chschd.o
LOAD build/obj/chthreads.o
LOAD build/obj/chdynamic.o
LOAD build/obj/chregistry.o
LOAD build/obj/chsem.o
LOAD build/obj/chmtx.o
LOAD build/obj/chcond.o
LOAD build/obj/chevents.o
LOAD build/obj/chmsg.o
LOAD build/obj/chmboxes.o
LOAD build/obj/chqueues.o
LOAD build/obj/chmemcore.o
LOAD build/obj/chheap.o
LOAD build/obj/chmempools.o
LOAD build/obj/test.o
LOAD build/obj/testthd.o
LOAD build/obj/testsem.o
LOAD build/obj/testmtx.o
LOAD build/obj/testmsg.o
LOAD build/obj/testmbox.o
LOAD build/obj/testevt.o
LOAD build/obj/testheap.o
LOAD build/obj/testpools.o
LOAD build/obj/testdyn.o
LOAD build/obj/testqueues.o
LOAD build/obj/testbmk.o
LOAD build/obj/hal.o
LOAD build/obj/adc.o
LOAD build/obj/can.o
LOAD build/obj/dac.o
LOAD build/obj/ext.o
LOAD build/obj/gpt.o
LOAD build/obj/i2c.o
LOAD build/obj/icu.o
LOAD build/obj/mac.o
LOAD build/obj/mmc_spi.o
LOAD build/obj/mmcsd.o
LOAD build/obj/pal.o
LOAD build/obj/pwm.o
LOAD build/obj/rtc.o
LOAD build/obj/sdc.o
LOAD build/obj/serial.o
LOAD build/obj/serial_usb.o
LOAD build/obj/spi.o
LOAD build/obj/tm.o
LOAD build/obj/uart.o
LOAD build/obj/usb.o
LOAD build/obj/stm32_dma.o
LOAD build/obj/hal_lld.o
LOAD build/obj/adc_lld.o
LOAD build/obj/ext_lld_isr.o
LOAD build/obj/can_lld.o
LOAD build/obj/ext_lld.o
LOAD build/obj/mac_lld.o
LOAD build/obj/sdc_lld.o
LOAD build/obj/pal_lld.o
LOAD build/obj/i2c_lld.o
LOAD build/obj/usb_lld.o
LOAD build/obj/rtc_lld.o
LOAD build/obj/spi_lld.o
LOAD build/obj/gpt_lld.o
LOAD build/obj/icu_lld.o
LOAD build/obj/pwm_lld.o
LOAD build/obj/serial_lld.o
LOAD build/obj/uart_lld.o
LOAD build/obj/board.o
LOAD build/obj/lis302dl.o
LOAD build/obj/shell.o
LOAD build/obj/chprintf.o
LOAD build/obj/bluetooth.o
LOAD build/obj/main.o
LOAD build/obj/usbcfg.o
START GROUP
LOAD /home/dpeter/CodeSourcery/Sourcery_CodeBench_Lite_for_ARM_EABI/bin/../lib/gcc/arm-none-eabi/4.7.3/thumb2/libgcc.a
LOAD /home/dpeter/CodeSourcery/Sourcery_CodeBench_Lite_for_ARM_EABI/bin/../lib/gcc/arm-none-eabi/4.7.3/../../../../arm-none-eabi/lib/thumb2/libc.a
END GROUP
                0x00000400                __main_stack_size__ = 0x400
                0x00000400                __process_stack_size__ = 0x400
                0x20000000                __ram_start__ = ORIGIN (ram)
                0x0001c000                __ram_size__ = 0x1c000
                0x2001c000                __ram_end__ = (__ram_start__ + __ram_size__)
                0x00000000                . = 0x0
                0x00000000                _text = .

startup         0x08000000      0x188
 *(vectors)
 vectors        0x08000000      0x188 build/obj/vectors.o
                0x08000000                _vectors

constructors    0x08000188        0x0
                0x08000188                PROVIDE (__init_array_start, .)
 *(SORT(.init_array.*))
 *(.init_array)
                0x08000188                PROVIDE (__init_array_end, .)

destructors     0x08000188        0x0
                0x08000188                PROVIDE (__fini_array_start, .)
 *(.fini_array)
 *(SORT(.fini_array.*))
                0x08000188                PROVIDE (__fini_array_end, .)

.text           0x08000190     0x4648
 *(.text.startup.*)
 .text.startup.main
                0x08000190       0xe0 build/obj/main.o
                0x08000190                main
 *(.text)
 .text          0x08000270       0xcc /home/dpeter/CodeSourcery/Sourcery_CodeBench_Lite_for_ARM_EABI/bin/../lib/gcc/arm-none-eabi/4.7.3/../../../../arm-none-eabi/lib/thumb2/libc.a(lib_a-memset.o)
                0x08000270                memset
 *fill*         0x0800033c        0x4 
 .text          0x08000340       0x48 /home/dpeter/CodeSourcery/Sourcery_CodeBench_Lite_for_ARM_EABI/bin/../lib/gcc/arm-none-eabi/4.7.3/../../../../arm-none-eabi/lib/thumb2/libc.a(lib_a-strcasecmp.o)
                0x08000340                strcasecmp
 *fill*         0x08000388        0x8 
 .text          0x08000390       0x60 /home/dpeter/CodeSourcery/Sourcery_CodeBench_Lite_for_ARM_EABI/bin/../lib/gcc/arm-none-eabi/4.7.3/../../../../arm-none-eabi/lib/thumb2/libc.a(lib_a-strlen.o)
                0x08000390                strlen
 .text          0x080003f0       0x50 /home/dpeter/CodeSourcery/Sourcery_CodeBench_Lite_for_ARM_EABI/bin/../lib/gcc/arm-none-eabi/4.7.3/../../../../arm-none-eabi/lib/thumb2/libc.a(lib_a-strpbrk.o)
                0x080003f0                strpbrk
 .text          0x08000440       0x40 /home/dpeter/CodeSourcery/Sourcery_CodeBench_Lite_for_ARM_EABI/bin/../lib/gcc/arm-none-eabi/4.7.3/../../../../arm-none-eabi/lib/thumb2/libc.a(lib_a-strspn.o)
                0x08000440                strspn
 *(.text.*)
 .text.__late_init
                0x08000480       0x10 build/obj/crt0.o
                0x08000480                __late_init
 .text._default_exit
                0x08000490       0x10 build/obj/crt0.o
                0x08000490                _default_exit
 .text.ResetHandler
                0x080004a0      0x120 build/obj/crt0.o
                0x080004a0                ResetHandler
 .text._unhandled_exception
                0x080005c0       0x10 build/obj/vectors.o
                0x080005c0                Vector58
                0x080005c0                VectorE8
                0x080005c0                Vector9C
                0x080005c0                VectorAC
                0x080005c0                Vector5C
                0x080005c0                NMIVector
                0x080005c0                Vector11C
                0x080005c0                Vector8C
                0x080005c0                VectorDC
                0x080005c0                Vector168
                0x080005c0                Vector110
                0x080005c0                VectorC8
                0x080005c0                Vector94
                0x080005c0                VectorA8
                0x080005c0                VectorB4
                0x080005c0                Vector160
                0x080005c0                VectorEC
                0x080005c0                UsageFaultVector
                0x080005c0                DebugMonitorVector
                0x080005c0                Vector40
                0x080005c0                VectorF8
                0x080005c0                Vector108
                0x080005c0                VectorBC
                0x080005c0                Vector148
                0x080005c0                PendSVVector
                0x080005c0                Vector118
                0x080005c0                Vector64
                0x080005c0                VectorCC
                0x080005c0                Vector54
                0x080005c0                Vector98
                0x080005c0                Vector138
                0x080005c0                Vector24
                0x080005c0                Vector178
                0x080005c0                BusFaultVector
                0x080005c0                VectorD0
                0x080005c0                Vector140
                0x080005c0                VectorE4
                0x080005c0                VectorC0
                0x080005c0                HardFaultVector
                0x080005c0                Vector134
                0x080005c0                VectorF0
                0x080005c0                Vector13C
                0x080005c0                Vector100
                0x080005c0                VectorE0
                0x080005c0                VectorF4
                0x080005c0                MemManageVector
                0x080005c0                VectorA0
                0x080005c0                VectorC4
                0x080005c0                Vector180
                0x080005c0                VectorB0
                0x080005c0                Vector90
                0x080005c0                Vector114
                0x080005c0                Vector164
                0x080005c0                Vector60
                0x080005c0                Vector1C
                0x080005c0                Vector17C
                0x080005c0                Vector48
                0x080005c0                Vector16C
                0x080005c0                Vector4C
                0x080005c0                Vector144
                0x080005c0                Vector15C
                0x080005c0                Vector68
                0x080005c0                _unhandled_exception
                0x080005c0                Vector170
                0x080005c0                Vector88
                0x080005c0                Vector104
                0x080005c0                Vector184
                0x080005c0                Vector10C
                0x080005c0                Vector50
                0x080005c0                Vector44
                0x080005c0                Vector28
                0x080005c0                Vector34
                0x080005c0                VectorA4
                0x080005c0                Vector20
                0x080005c0                Vector174
 .text._port_switch_from_isr
                0x080005d0       0x10 build/obj/chcore_v7m.o
                0x080005d0                _port_switch_from_isr
 .text.SVCallVector
                0x080005e0       0x20 build/obj/chcore_v7m.o
                0x080005e0                SVCallVector
 .text._port_init
                0x08000600       0x40 build/obj/chcore_v7m.o
                0x08000600                _port_init
 .text._port_irq_epilogue
                0x08000640       0x70 build/obj/chcore_v7m.o
                0x08000640                _port_irq_epilogue
 .text.SysTickVector
                0x080006b0       0x20 build/obj/chcore_v7m.o
                0x080006b0                SysTickVector
 .text._port_switch
                0x080006d0       0x10 build/obj/chcore_v7m.o
                0x080006d0                _port_switch
 .text._port_thread_start
                0x080006e0       0x10 build/obj/chcore_v7m.o
                0x080006e0                _port_thread_start
 .text.nvicEnableVector
                0x080006f0       0x50 build/obj/nvic.o
                0x080006f0                nvicEnableVector
 .text.nvicSetSystemHandlerPriority
                0x08000740       0x30 build/obj/nvic.o
                0x08000740                nvicSetSystemHandlerPriority
 .text._idle_thread
                0x08000770       0x20 build/obj/chsys.o
                0x08000770                _idle_thread
 .text.chSysInit
                0x08000790       0x60 build/obj/chsys.o
                0x08000790                chSysInit
 .text.chSysTimerHandlerI
                0x080007f0       0x60 build/obj/chsys.o
                0x080007f0                chSysTimerHandlerI
 .text._vt_init
                0x08000850       0x20 build/obj/chvt.o
                0x08000850                _vt_init
 .text.chVTSetI
                0x08000870       0x40 build/obj/chvt.o
                0x08000870                chVTSetI
 .text.chVTResetI
                0x080008b0       0x30 build/obj/chvt.o
                0x080008b0                chVTResetI
 .text.wakeup   0x080008e0       0x60 build/obj/chschd.o
 .text._scheduler_init
                0x08000940       0x20 build/obj/chschd.o
                0x08000940                _scheduler_init
 .text.chSchReadyI
                0x08000960       0x20 build/obj/chschd.o
                0x08000960                chSchReadyI
 .text.chSchGoSleepS
                0x08000980       0x30 build/obj/chschd.o
                0x08000980                chSchGoSleepS
 .text.chSchGoSleepTimeoutS
                0x080009b0       0x40 build/obj/chschd.o
                0x080009b0                chSchGoSleepTimeoutS
 .text.chSchWakeupS
                0x080009f0       0x60 build/obj/chschd.o
                0x080009f0                chSchWakeupS
 .text.chSchDoRescheduleBehind
                0x08000a50       0x40 build/obj/chschd.o
                0x08000a50                chSchDoRescheduleBehind
 .text.chSchDoRescheduleAhead
                0x08000a90       0x40 build/obj/chschd.o
                0x08000a90                chSchDoRescheduleAhead
 .text.chSchRescheduleS
                0x08000ad0       0x20 build/obj/chschd.o
                0x08000ad0                chSchRescheduleS
 .text.chSchDoReschedule
                0x08000af0       0x20 build/obj/chschd.o
                0x08000af0                chSchDoReschedule
 .text._thread_init
                0x08000b10       0x50 build/obj/chthreads.o
                0x08000b10                _thread_init
 .text.chThdCreateI
                0x08000b60       0x70 build/obj/chthreads.o
                0x08000b60                chThdCreateI
 .text.chThdCreateStatic
                0x08000bd0       0x30 build/obj/chthreads.o
                0x08000bd0                chThdCreateStatic
 .text.chThdSleep
                0x08000c00       0x20 build/obj/chthreads.o
                0x08000c00                chThdSleep
 .text.chThdExitS
                0x08000c20       0x40 build/obj/chthreads.o
                0x08000c20                chThdExitS
 .text.chThdExit
                0x08000c60       0x10 build/obj/chthreads.o
                0x08000c60                chThdExit
 .text.chThdRelease
                0x08000c70       0x50 build/obj/chdynamic.o
                0x08000c70                chThdRelease
 .text.chThdCreateFromHeap
                0x08000cc0       0x40 build/obj/chdynamic.o
                0x08000cc0                chThdCreateFromHeap
 .text.chRegFirstThread
                0x08000d00       0x20 build/obj/chregistry.o
                0x08000d00                chRegFirstThread
 .text.chRegNextThread
                0x08000d20       0x30 build/obj/chregistry.o
                0x08000d20                chRegNextThread
 .text.chMtxInit
                0x08000d50       0x10 build/obj/chmtx.o
                0x08000d50                chMtxInit
 .text.chMtxLockS
                0x08000d60       0xd0 build/obj/chmtx.o
                0x08000d60                chMtxLockS
 .text.chMtxLock
                0x08000e30       0x20 build/obj/chmtx.o
                0x08000e30                chMtxLock
 .text.chMtxUnlock
                0x08000e50       0x60 build/obj/chmtx.o
                0x08000e50                chMtxUnlock
 .text.chEvtSignalI
                0x08000eb0       0x30 build/obj/chevents.o
                0x08000eb0                chEvtSignalI
 .text.chEvtBroadcastFlagsI
                0x08000ee0       0x20 build/obj/chevents.o
                0x08000ee0                chEvtBroadcastFlagsI
 .text.qwait    0x08000f00       0x30 build/obj/chqueues.o
 .text.chIQInit
                0x08000f30       0x20 build/obj/chqueues.o
                0x08000f30                chIQInit
 .text.chIQResetI
                0x08000f50       0x30 build/obj/chqueues.o
                0x08000f50                chIQResetI
 .text.chIQPutI
                0x08000f80       0x50 build/obj/chqueues.o
                0x08000f80                chIQPutI
 .text.chIQGetTimeout
                0x08000fd0       0x50 build/obj/chqueues.o
                0x08000fd0                chIQGetTimeout
 .text.chIQReadTimeout
                0x08001020       0x80 build/obj/chqueues.o
                0x08001020                chIQReadTimeout
 .text.chOQInit
                0x080010a0       0x20 build/obj/chqueues.o
                0x080010a0                chOQInit
 .text.chOQResetI
                0x080010c0       0x30 build/obj/chqueues.o
                0x080010c0                chOQResetI
 .text.chOQPutTimeout
                0x080010f0       0x50 build/obj/chqueues.o
                0x080010f0                chOQPutTimeout
 .text.chOQGetI
                0x08001140       0x50 build/obj/chqueues.o
                0x08001140                chOQGetI
 .text.chOQWriteTimeout
                0x08001190       0x80 build/obj/chqueues.o
                0x08001190                chOQWriteTimeout
 .text._core_init
                0x08001210       0x30 build/obj/chmemcore.o
                0x08001210                _core_init
 .text.chCoreAlloc
                0x08001240       0x40 build/obj/chmemcore.o
                0x08001240                chCoreAlloc
 .text.chCoreStatus
                0x08001280       0x20 build/obj/chmemcore.o
                0x08001280                chCoreStatus
 .text._heap_init
                0x080012a0       0x20 build/obj/chheap.o
                0x080012a0                _heap_init
 .text.chHeapAlloc
                0x080012c0       0x90 build/obj/chheap.o
                0x080012c0                chHeapAlloc
 .text.chHeapFree
                0x08001350       0x90 build/obj/chheap.o
                0x08001350                chHeapFree
 .text.chHeapStatus
                0x080013e0       0x40 build/obj/chheap.o
                0x080013e0                chHeapStatus
 .text.chPoolFree
                0x08001420       0x20 build/obj/chmempools.o
                0x08001420                chPoolFree
 .text.halInit  0x08001440       0x30 build/obj/hal.o
                0x08001440                halInit
 .text.halPolledDelay
                0x08001470       0x30 build/obj/hal.o
                0x08001470                halPolledDelay
 .text.pwmInit  0x080014a0       0x10 build/obj/pwm.o
                0x080014a0                pwmInit
 .text.pwmObjectInit
                0x080014b0       0x10 build/obj/pwm.o
                0x080014b0                pwmObjectInit
 .text.readt    0x080014c0       0x10 build/obj/serial.o
 .text.read     0x080014d0       0x10 build/obj/serial.o
 .text.writet   0x080014e0       0x10 build/obj/serial.o
 .text.write    0x080014f0       0x10 build/obj/serial.o
 .text.gett     0x08001500       0x10 build/obj/serial.o
 .text.get      0x08001510       0x10 build/obj/serial.o
 .text.putt     0x08001520       0x10 build/obj/serial.o
 .text.put      0x08001530       0x10 build/obj/serial.o
 .text.sdInit   0x08001540       0x10 build/obj/serial.o
                0x08001540                sdInit
 .text.sdObjectInit
                0x08001550       0x40 build/obj/serial.o
                0x08001550                sdObjectInit
 .text.sdStart  0x08001590       0x20 build/obj/serial.o
                0x08001590                sdStart
 .text.sdIncomingDataI
                0x080015b0       0x40 build/obj/serial.o
                0x080015b0                sdIncomingDataI
 .text.inotify  0x080015f0       0x70 build/obj/serial_usb.o
 .text.onotify  0x08001660       0x60 build/obj/serial_usb.o
 .text.readt    0x080016c0       0x10 build/obj/serial_usb.o
 .text.read     0x080016d0       0x10 build/obj/serial_usb.o
 .text.writet   0x080016e0       0x10 build/obj/serial_usb.o
 .text.write    0x080016f0       0x10 build/obj/serial_usb.o
 .text.gett     0x08001700       0x10 build/obj/serial_usb.o
 .text.get      0x08001710       0x10 build/obj/serial_usb.o
 .text.putt     0x08001720       0x10 build/obj/serial_usb.o
 .text.put      0x08001730       0x10 build/obj/serial_usb.o
 .text.sduInit  0x08001740       0x10 build/obj/serial_usb.o
                0x08001740                sduInit
 .text.sduObjectInit
                0x08001750       0x50 build/obj/serial_usb.o
                0x08001750                sduObjectInit
 .text.sduStart
                0x080017a0       0x40 build/obj/serial_usb.o
                0x080017a0                sduStart
 .text.sduConfigureHookI
                0x080017e0       0x50 build/obj/serial_usb.o
                0x080017e0                sduConfigureHookI
 .text.sduRequestsHook
                0x08001830       0x40 build/obj/serial_usb.o
                0x08001830                sduRequestsHook
 .text.sduDataTransmitted
                0x08001870       0x70 build/obj/serial_usb.o
                0x08001870                sduDataTransmitted
 .text.sduDataReceived
                0x080018e0       0x70 build/obj/serial_usb.o
                0x080018e0                sduDataReceived
 .text.sduInterruptTransmitted
                0x08001950       0x10 build/obj/serial_usb.o
                0x08001950                sduInterruptTransmitted
 .text.spiInit  0x08001960       0x10 build/obj/spi.o
                0x08001960                spiInit
 .text.spiObjectInit
                0x08001970       0x10 build/obj/spi.o
                0x08001970                spiObjectInit
 .text.usbInit  0x08001980       0x10 build/obj/usb.o
                0x08001980                usbInit
 .text.usbObjectInit
                0x08001990       0x20 build/obj/usb.o
                0x08001990                usbObjectInit
 .text.usbStart
                0x080019b0       0x30 build/obj/usb.o
                0x080019b0                usbStart
 .text.usbInitEndpointI
                0x080019e0       0x40 build/obj/usb.o
                0x080019e0                usbInitEndpointI
 .text.usbPrepareReceive
                0x08001a20       0x20 build/obj/usb.o
                0x08001a20                usbPrepareReceive
 .text.usbPrepareTransmit
                0x08001a40       0x20 build/obj/usb.o
                0x08001a40                usbPrepareTransmit
 .text.usbPrepareQueuedReceive
                0x08001a60       0x20 build/obj/usb.o
                0x08001a60                usbPrepareQueuedReceive
 .text.usbPrepareQueuedTransmit
                0x08001a80       0x20 build/obj/usb.o
                0x08001a80                usbPrepareQueuedTransmit
 .text.usbStartReceiveI
                0x08001aa0       0x30 build/obj/usb.o
                0x08001aa0                usbStartReceiveI
 .text.usbStartTransmitI
                0x08001ad0       0x30 build/obj/usb.o
                0x08001ad0                usbStartTransmitI
 .text._usb_reset
                0x08001b00       0x30 build/obj/usb.o
                0x08001b00                _usb_reset
 .text._usb_ep0setup
                0x08001b30      0x320 build/obj/usb.o
                0x08001b30                _usb_ep0setup
 .text._usb_ep0in
                0x08001e50       0xc0 build/obj/usb.o
                0x08001e50                _usb_ep0in
 .text._usb_ep0out
                0x08001f10       0x80 build/obj/usb.o
                0x08001f10                _usb_ep0out
 .text.Vector6C
                0x08001f90       0x30 build/obj/stm32_dma.o
                0x08001f90                Vector6C
 .text.Vector70
                0x08001fc0       0x30 build/obj/stm32_dma.o
                0x08001fc0                Vector70
 .text.Vector74
                0x08001ff0       0x30 build/obj/stm32_dma.o
                0x08001ff0                Vector74
 .text.Vector78
                0x08002020       0x30 build/obj/stm32_dma.o
                0x08002020                Vector78
 .text.Vector7C
                0x08002050       0x30 build/obj/stm32_dma.o
                0x08002050                Vector7C
 .text.Vector80
                0x08002080       0x30 build/obj/stm32_dma.o
                0x08002080                Vector80
 .text.Vector84
                0x080020b0       0x30 build/obj/stm32_dma.o
                0x080020b0                Vector84
 .text.VectorFC
                0x080020e0       0x30 build/obj/stm32_dma.o
                0x080020e0                VectorFC
 .text.Vector120
                0x08002110       0x30 build/obj/stm32_dma.o
                0x08002110                Vector120
 .text.Vector124
                0x08002140       0x30 build/obj/stm32_dma.o
                0x08002140                Vector124
 .text.Vector128
                0x08002170       0x30 build/obj/stm32_dma.o
                0x08002170                Vector128
 .text.Vector12C
                0x080021a0       0x30 build/obj/stm32_dma.o
                0x080021a0                Vector12C
 .text.Vector130
                0x080021d0       0x30 build/obj/stm32_dma.o
                0x080021d0                Vector130
 .text.Vector150
                0x08002200       0x30 build/obj/stm32_dma.o
                0x08002200                Vector150
 .text.Vector154
                0x08002230       0x30 build/obj/stm32_dma.o
                0x08002230                Vector154
 .text.Vector158
                0x08002260       0x30 build/obj/stm32_dma.o
                0x08002260                Vector158
 .text.dmaInit  0x08002290       0x50 build/obj/stm32_dma.o
                0x08002290                dmaInit
 .text.hal_lld_init
                0x080022e0       0xa0 build/obj/hal_lld.o
                0x080022e0                hal_lld_init
 .text.stm32_clock_init
                0x08002380       0xb0 build/obj/hal_lld.o
                0x08002380                stm32_clock_init
 .text._pal_lld_init
                0x08002430      0x1e0 build/obj/pal_lld.o
                0x08002430                _pal_lld_init
 .text._pal_lld_setgroupmode
                0x08002610       0xd0 build/obj/pal_lld.o
                0x08002610                _pal_lld_setgroupmode
 .text.otg_disable_ep
                0x080026e0       0x90 build/obj/usb_lld.o
 .text.otg_epout_handler
                0x08002770       0x60 build/obj/usb_lld.o
 .text.otg_txfifo_flush
                0x080027d0       0x20 build/obj/usb_lld.o
 .text.usb_lld_pump
                0x080027f0      0x350 build/obj/usb_lld.o
 .text.otg_epin_handler
                0x08002b40       0x80 build/obj/usb_lld.o
 .text.Vector14C
                0x08002bc0      0x100 build/obj/usb_lld.o
                0x08002bc0                Vector14C
 .text.usb_lld_init
                0x08002cc0       0x30 build/obj/usb_lld.o
                0x08002cc0                usb_lld_init
 .text.usb_lld_start
                0x08002cf0       0xe0 build/obj/usb_lld.o
                0x08002cf0                usb_lld_start
 .text.usb_lld_reset
                0x08002dd0       0xd0 build/obj/usb_lld.o
                0x08002dd0                usb_lld_reset
 .text.usb_lld_set_address
                0x08002ea0       0x20 build/obj/usb_lld.o
                0x08002ea0                usb_lld_set_address
 .text.usb_lld_init_endpoint
                0x08002ec0      0x150 build/obj/usb_lld.o
                0x08002ec0                usb_lld_init_endpoint
 .text.usb_lld_get_status_out
                0x08003010       0x20 build/obj/usb_lld.o
                0x08003010                usb_lld_get_status_out
 .text.usb_lld_get_status_in
                0x08003030       0x20 build/obj/usb_lld.o
                0x08003030                usb_lld_get_status_in
 .text.usb_lld_read_setup
                0x08003050       0x20 build/obj/usb_lld.o
                0x08003050                usb_lld_read_setup
 .text.usb_lld_prepare_receive
                0x08003070       0x30 build/obj/usb_lld.o
                0x08003070                usb_lld_prepare_receive
 .text.usb_lld_prepare_transmit
                0x080030a0       0x40 build/obj/usb_lld.o
                0x080030a0                usb_lld_prepare_transmit
 .text.usb_lld_start_out
                0x080030e0       0x10 build/obj/usb_lld.o
                0x080030e0                usb_lld_start_out
 .text.usb_lld_start_in
                0x080030f0       0x30 build/obj/usb_lld.o
                0x080030f0                usb_lld_start_in
 .text.usb_lld_stall_out
                0x08003120       0x10 build/obj/usb_lld.o
                0x08003120                usb_lld_stall_out
 .text.usb_lld_stall_in
                0x08003130       0x10 build/obj/usb_lld.o
                0x08003130                usb_lld_stall_in
 .text.usb_lld_clear_out
                0x08003140       0x10 build/obj/usb_lld.o
                0x08003140                usb_lld_clear_out
 .text.usb_lld_clear_in
                0x08003150       0x10 build/obj/usb_lld.o
                0x08003150                usb_lld_clear_in
 .text.spi_lld_init
                0x08003160       0x70 build/obj/spi_lld.o
                0x08003160                spi_lld_init
 .text.VectorB8
                0x080031d0       0x80 build/obj/pwm_lld.o
                0x080031d0                VectorB8
 .text.pwm_lld_init
                0x08003250       0x20 build/obj/pwm_lld.o
                0x08003250                pwm_lld_init
 .text.notify1  0x08003270       0x20 build/obj/serial_lld.o
 .text.notify2  0x08003290       0x20 build/obj/serial_lld.o
 .text.serve_interrupt
                0x080032b0      0x120 build/obj/serial_lld.o
 .text.VectorD4
                0x080033d0       0x20 build/obj/serial_lld.o
                0x080033d0                VectorD4
 .text.VectorD8
                0x080033f0       0x20 build/obj/serial_lld.o
                0x080033f0                VectorD8
 .text.sd_lld_init
                0x08003410       0x40 build/obj/serial_lld.o
                0x08003410                sd_lld_init
 .text.sd_lld_start
                0x08003450       0xb0 build/obj/serial_lld.o
                0x08003450                sd_lld_start
 .text.__early_init
                0x08003500       0x10 build/obj/board.o
                0x08003500                __early_init
 .text.boardInit
                0x08003510       0x10 build/obj/board.o
                0x08003510                boardInit
 .text._strtok.constprop.2
                0x08003520       0x40 build/obj/shell.o
 .text.cmd_systime
                0x08003560       0x30 build/obj/shell.o
 .text.cmd_info
                0x08003590       0xc0 build/obj/shell.o
 .text.shellInit
                0x08003650       0x10 build/obj/shell.o
                0x08003650                shellInit
 .text.shellExit
                0x08003660       0x20 build/obj/shell.o
                0x08003660                shellExit
 .text.shellCreate
                0x08003680       0x20 build/obj/shell.o
                0x08003680                shellCreate
 .text.shellGetLine
                0x080036a0       0xa0 build/obj/shell.o
                0x080036a0                shellGetLine
 .text.shell_thread
                0x08003740      0x1b0 build/obj/shell.o
 .text.long_to_string_with_divisor.constprop.0
                0x080038f0       0x50 build/obj/chprintf.o
 .text.chprintf
                0x08003940      0x2d0 build/obj/chprintf.o
                0x08003940                chprintf
 .text.BtRead   0x08003c10       0x20 build/obj/main.o
 .text.cmd_btread
                0x08003c30       0x40 build/obj/main.o
 .text.cmd_btsend
                0x08003c70       0x30 build/obj/main.o
 .text.cmd_threads
                0x08003ca0       0x70 build/obj/main.o
 .text.cmd_mem  0x08003d10       0x60 build/obj/main.o
 .text.get_descriptor
                0x08003d70       0x40 build/obj/usbcfg.o
 .text.usb_event
                0x08003db0       0x40 build/obj/usbcfg.o
 *(.rodata)
 .rodata        0x08003df0      0x104 /home/dpeter/CodeSourcery/Sourcery_CodeBench_Lite_for_ARM_EABI/bin/../lib/gcc/arm-none-eabi/4.7.3/../../../../arm-none-eabi/lib/thumb2/libc.a(lib_a-ctype_.o)
                0x08003df0                _ctype_
 *(.rodata.*)
 *fill*         0x08003ef4        0xc 
 .rodata.str1.4
                0x08003f00        0x5 build/obj/chsys.o
                                  0x8 (size before relaxing)
 *fill*         0x08003f05        0xb 
 .rodata.ch_debug
                0x08003f10       0x18 build/obj/chregistry.o
                0x08003f10                ch_debug
 *fill*         0x08003f28        0x8 
 .rodata.vmt    0x08003f30       0x20 build/obj/serial.o
 .rodata.vmt    0x08003f50       0x20 build/obj/serial_usb.o
 .rodata.zero_status
                0x08003f70        0x4 build/obj/usb.o
 *fill*         0x08003f74        0xc 
 .rodata.active_status
                0x08003f80        0x4 build/obj/usb.o
 *fill*         0x08003f84        0xc 
 .rodata.halted_status
                0x08003f90        0x4 build/obj/usb.o
 *fill*         0x08003f94        0xc 
 .rodata._stm32_dma_streams
                0x08003fa0       0xc0 build/obj/stm32_dma.o
                0x08003fa0                _stm32_dma_streams
 .rodata.fsparams
                0x08004060        0xc build/obj/usb_lld.o
 *fill*         0x0800406c        0x4 
 .rodata.str1.4
                0x08004070        0xd build/obj/usb_lld.o
                                 0x10 (size before relaxing)
 *fill*         0x0800407d        0x3 
 .rodata.ep0config
                0x08004080       0x24 build/obj/usb_lld.o
 *fill*         0x080040a4        0xc 
 .rodata.default_config
                0x080040b0        0xc build/obj/serial_lld.o
 *fill*         0x080040bc        0x4 
 .rodata.pal_default_config
                0x080040c0       0xfc build/obj/board.o
                0x080040c0                pal_default_config
 *fill*         0x080041bc        0x4 
 .rodata.str1.4
                0x080041c0      0x215 build/obj/shell.o
                                0x21c (size before relaxing)
 *fill*         0x080043d5        0xb 
 .rodata.str1.4
                0x080043e0        0x7 build/obj/chprintf.o
                                  0x8 (size before relaxing)
 *fill*         0x080043e7        0x9 
 .rodata.states.7498
                0x080043f0       0x3c build/obj/main.o
 *fill*         0x0800442c        0x4 
 .rodata.commands
                0x08004430       0x28 build/obj/main.o
 *fill*         0x08004458        0x8 
 .rodata.str1.4
                0x08004460      0x1ac build/obj/main.o
 *fill*         0x0800460c        0x4 
 .rodata.shell_cfg1
                0x08004610        0x8 build/obj/main.o
 *fill*         0x08004618        0x8 
 .rodata.ep1config
                0x08004620       0x24 build/obj/usbcfg.o
 *fill*         0x08004644        0xc 
 .rodata.vcom_configuration_descriptor_data
                0x08004650       0x44 build/obj/usbcfg.o
 *fill*         0x08004694        0xc 
 .rodata.vcom_configuration_descriptor
                0x080046a0        0x8 build/obj/usbcfg.o
 *fill*         0x080046a8        0x8 
 .rodata.ep2config
                0x080046b0       0x24 build/obj/usbcfg.o
 *fill*         0x080046d4        0xc 
 .rodata.usbcfg
                0x080046e0       0x10 build/obj/usbcfg.o
                0x080046e0                usbcfg
 .rodata.vcom_device_descriptor_data
                0x080046f0       0x14 build/obj/usbcfg.o
 *fill*         0x08004704        0xc 
 .rodata.vcom_string0
                0x08004710        0x4 build/obj/usbcfg.o
 *fill*         0x08004714        0xc 
 .rodata.vcom_string1
                0x08004720       0x28 build/obj/usbcfg.o
 *fill*         0x08004748        0x8 
 .rodata.vcom_string2
                0x08004750       0x38 build/obj/usbcfg.o
 *fill*         0x08004788        0x8 
 .rodata.vcom_string3
                0x08004790        0x8 build/obj/usbcfg.o
 *fill*         0x08004798        0x8 
 .rodata.vcom_strings
                0x080047a0       0x20 build/obj/usbcfg.o
 .rodata.serusbcfg
                0x080047c0        0x8 build/obj/usbcfg.o
                0x080047c0                serusbcfg
 *fill*         0x080047c8        0x8 
 .rodata.vcom_device_descriptor
                0x080047d0        0x8 build/obj/usbcfg.o
 *(.glue_7t)
 .glue_7t       0x00000000        0x0 linker stubs
 *(.glue_7)
 .glue_7        0x00000000        0x0 linker stubs
 *(.gcc*)

.vfp11_veneer   0x080047d8        0x0
 .vfp11_veneer  0x00000000        0x0 linker stubs

.v4_bx          0x080047d8        0x0
 .v4_bx         0x00000000        0x0 linker stubs

.iplt           0x080047d8        0x0
 .iplt          0x00000000        0x0 build/obj/crt0.o

.rel.dyn        0x080047d8        0x0
 .rel.iplt      0x00000000        0x0 build/obj/crt0.o

.ARM.extab
 *(.ARM.extab* .gnu.linkonce.armextab.*)

.ARM.exidx      0x080047d8        0x0
                0x080047d8                PROVIDE (__exidx_start, .)
 *(.ARM.exidx* .gnu.linkonce.armexidx.*)
                0x080047d8                PROVIDE (__exidx_end, .)

.eh_frame_hdr
 *(.eh_frame_hdr)

.eh_frame
 *(.eh_frame)

.textalign      0x080047d8        0x0
                0x080047d8                . = ALIGN (0x8)
                0x080047d8                . = ALIGN (0x4)
                0x080047d8                _etext = .
                0x080047d8                _textdata = _etext

.stacks         0x20000000      0x800
                0x20000000                . = ALIGN (0x8)
                0x20000000                __main_stack_base__ = .
                0x20000400                . = (. + __main_stack_size__)
 *fill*         0x20000000      0x400 
                0x20000400                . = ALIGN (0x8)
                0x20000400                __main_stack_end__ = .
                0x20000400                __process_stack_base__ = .
                0x20000400                __main_thread_stack_base__ = .
                0x20000800                . = (. + __process_stack_size__)
 *fill*         0x20000400      0x400 
                0x20000800                . = ALIGN (0x8)
                0x20000800                __process_stack_end__ = .
                0x20000800                __main_thread_stack_end__ = .

.data           0x20000800       0x24 load address 0x080047d8
                0x20000800                . = ALIGN (0x4)
                0x20000800                PROVIDE (_data, .)
 *(.data)
 .data          0x20000800        0x4 /home/dpeter/CodeSourcery/Sourcery_CodeBench_Lite_for_ARM_EABI/bin/../lib/gcc/arm-none-eabi/4.7.3/../../../../arm-none-eabi/lib/thumb2/libc.a(lib_a-ctype_.o)
                0x20000800                __ctype_ptr__
                0x20000804                . = ALIGN (0x4)
 *(.data.*)
 .data.linecoding
                0x20000804        0x8 build/obj/serial_usb.o
 .data.local_commands
                0x2000080c       0x18 build/obj/shell.o
                0x20000824                . = ALIGN (0x4)
 *(.ramtext)
                0x20000824                . = ALIGN (0x4)
                0x20000824                PROVIDE (_edata, .)

.igot.plt       0x20000824        0x0 load address 0x080047fc
 .igot.plt      0x00000000        0x0 build/obj/crt0.o

.bss            0x20000828      0x8e0 load address 0x08004800
                0x20000828                . = ALIGN (0x4)
                0x20000828                PROVIDE (_bss_start, .)
 *(.bss)
                0x20000828                . = ALIGN (0x4)
 *(.bss.*)
 .bss.mainthread.4776
                0x20000828       0x48 build/obj/chsys.o
 .bss._idle_thread_wa
                0x20000870       0xc0 build/obj/chsys.o
                0x20000870                _idle_thread_wa
 .bss.vtlist    0x20000930       0x10 build/obj/chvt.o
                0x20000930                vtlist
 .bss.rlist     0x20000940       0x1c build/obj/chschd.o
                0x20000940                rlist
 .bss.endmem    0x2000095c        0x4 build/obj/chmemcore.o
 .bss.nextmem   0x20000960        0x4 build/obj/chmemcore.o
 *fill*         0x20000964        0x4 
 .bss.default_heap
                0x20000968       0x20 build/obj/chheap.o
 .bss.dma_isr_redir
                0x20000988       0x80 build/obj/stm32_dma.o
 .bss.dma_streams_mask
                0x20000a08        0x4 build/obj/stm32_dma.o
 *fill*         0x20000a0c        0x4 
 .bss.USBD1     0x20000a10      0x198 build/obj/usb_lld.o
                0x20000a10                USBD1
 .bss.ep0_state
                0x20000ba8       0x10 build/obj/usb_lld.o
 .bss.ep0setup_buffer
                0x20000bb8        0x8 build/obj/usb_lld.o
 .bss.dummytx   0x20000bc0        0x2 build/obj/spi_lld.o
 *fill*         0x20000bc2        0x2 
 .bss.SPID1     0x20000bc4       0x30 build/obj/spi_lld.o
                0x20000bc4                SPID1
 .bss.SPID2     0x20000bf4       0x30 build/obj/spi_lld.o
                0x20000bf4                SPID2
 .bss.PWMD4     0x20000c24       0x14 build/obj/pwm_lld.o
                0x20000c24                PWMD4
 .bss.SD1       0x20000c38       0x78 build/obj/serial_lld.o
                0x20000c38                SD1
 .bss.SD2       0x20000cb0       0x78 build/obj/serial_lld.o
                0x20000cb0                SD2
 .bss.shell_terminated
                0x20000d28        0x4 build/obj/shell.o
                0x20000d28                shell_terminated
 .bss.SDU1      0x20000d2c      0x258 build/obj/main.o
                0x20000d2c                SDU1
 .bss.serialBuffer
                0x20000f84       0x20 build/obj/main.o
                0x20000f84                serialBuffer
 *fill*         0x20000fa4        0x4 
 .bss.waBtRead  0x20000fa8      0x130 build/obj/main.o
 .bss.ep1instate
                0x200010d8       0x10 build/obj/usbcfg.o
 .bss.ep2instate
                0x200010e8       0x10 build/obj/usbcfg.o
 .bss.ep1outstate
                0x200010f8       0x10 build/obj/usbcfg.o
                0x20001108                . = ALIGN (0x4)
 *(COMMON)
                0x20001108                . = ALIGN (0x4)
                0x20001108                PROVIDE (_bss_end, .)
                0x20001108                PROVIDE (end, .)
                0x20001108                _end = .
                0x20001108                __heap_base__ = _end
                0x2001c000                __heap_end__ = __ram_end__
OUTPUT(build/ch_bluetooth.elf elf32-littlearm)

.debug_info     0x00000000    0x1a4f6
 .debug_info    0x00000000      0x2a2 build/obj/crt0.o
 .debug_info    0x000002a2      0x1ec build/obj/vectors.o
 .debug_info    0x0000048e      0x898 build/obj/chcore_v7m.o
 .debug_info    0x00000d26      0x451 build/obj/nvic.o
 .debug_info    0x00001177      0x8a4 build/obj/chsys.o
 .debug_info    0x00001a1b      0x219 build/obj/chvt.o
 .debug_info    0x00001c34      0x9e3 build/obj/chschd.o
 .debug_info    0x00002617      0xc46 build/obj/chthreads.o
 .debug_info    0x0000325d      0x8ff build/obj/chdynamic.o
 .debug_info    0x00003b5c      0x684 build/obj/chregistry.o
 .debug_info    0x000041e0      0xa43 build/obj/chmtx.o
 .debug_info    0x00004c23      0xe37 build/obj/chevents.o
 .debug_info    0x00005a5a      0xc79 build/obj/chqueues.o
 .debug_info    0x000066d3      0x22b build/obj/chmemcore.o
 .debug_info    0x000068fe      0x735 build/obj/chheap.o
 .debug_info    0x00007033      0x426 build/obj/chmempools.o
 .debug_info    0x00007459      0x41c build/obj/hal.o
 .debug_info    0x00007875      0x6e6 build/obj/pwm.o
 .debug_info    0x00007f5b     0x10b2 build/obj/serial.o
 .debug_info    0x0000900d     0x1feb build/obj/serial_usb.o
 .debug_info    0x0000aff8     0x11ee build/obj/spi.o
 .debug_info    0x0000c1e6     0x1f16 build/obj/usb.o
 .debug_info    0x0000e0fc      0xb40 build/obj/stm32_dma.o
 .debug_info    0x0000ec3c      0x500 build/obj/hal_lld.o
 .debug_info    0x0000f13c      0x768 build/obj/pal_lld.o
 .debug_info    0x0000f8a4     0x29ef build/obj/usb_lld.o
 .debug_info    0x00012293      0xf6b build/obj/spi_lld.o
 .debug_info    0x000131fe      0xa8b build/obj/pwm_lld.o
 .debug_info    0x00013c89     0x1311 build/obj/serial_lld.o
 .debug_info    0x00014f9a      0x211 build/obj/board.o
 .debug_info    0x000151ab     0x145f build/obj/shell.o
 .debug_info    0x0001660a      0x4b4 build/obj/chprintf.o
 .debug_info    0x00016abe     0x22c2 build/obj/main.o
 .debug_info    0x00018d80     0x1776 build/obj/usbcfg.o

.debug_abbrev   0x00000000     0x51d6
 .debug_abbrev  0x00000000       0xcb build/obj/crt0.o
 .debug_abbrev  0x000000cb       0xaf build/obj/vectors.o
 .debug_abbrev  0x0000017a      0x1d3 build/obj/chcore_v7m.o
 .debug_abbrev  0x0000034d       0xf0 build/obj/nvic.o
 .debug_abbrev  0x0000043d      0x21e build/obj/chsys.o
 .debug_abbrev  0x0000065b      0x131 build/obj/chvt.o
 .debug_abbrev  0x0000078c      0x33e build/obj/chschd.o
 .debug_abbrev  0x00000aca      0x366 build/obj/chthreads.o
 .debug_abbrev  0x00000e30      0x238 build/obj/chdynamic.o
 .debug_abbrev  0x00001068      0x197 build/obj/chregistry.o
 .debug_abbrev  0x000011ff      0x330 build/obj/chmtx.o
 .debug_abbrev  0x0000152f      0x33b build/obj/chevents.o
 .debug_abbrev  0x0000186a      0x34a build/obj/chqueues.o
 .debug_abbrev  0x00001bb4      0x16a build/obj/chmemcore.o
 .debug_abbrev  0x00001d1e      0x20e build/obj/chheap.o
 .debug_abbrev  0x00001f2c      0x21a build/obj/chmempools.o
 .debug_abbrev  0x00002146      0x1d7 build/obj/hal.o
 .debug_abbrev  0x0000231d      0x1b6 build/obj/pwm.o
 .debug_abbrev  0x000024d3      0x2d3 build/obj/serial.o
 .debug_abbrev  0x000027a6      0x3ce build/obj/serial_usb.o
 .debug_abbrev  0x00002b74      0x2aa build/obj/spi.o
 .debug_abbrev  0x00002e1e      0x386 build/obj/usb.o
 .debug_abbrev  0x000031a4      0x21f build/obj/stm32_dma.o
 .debug_abbrev  0x000033c3      0x12b build/obj/hal_lld.o
 .debug_abbrev  0x000034ee      0x1aa build/obj/pal_lld.o
 .debug_abbrev  0x00003698      0x550 build/obj/usb_lld.o
 .debug_abbrev  0x00003be8      0x327 build/obj/spi_lld.o
 .debug_abbrev  0x00003f0f      0x258 build/obj/pwm_lld.o
 .debug_abbrev  0x00004167      0x382 build/obj/serial_lld.o
 .debug_abbrev  0x000044e9       0xe3 build/obj/board.o
 .debug_abbrev  0x000045cc      0x3ce build/obj/shell.o
 .debug_abbrev  0x0000499a      0x1d3 build/obj/chprintf.o
 .debug_abbrev  0x00004b6d      0x3b2 build/obj/main.o
 .debug_abbrev  0x00004f1f      0x2b7 build/obj/usbcfg.o

.debug_aranges  0x00000000      0xba8
 .debug_aranges
                0x00000000       0x38 build/obj/crt0.o
 .debug_aranges
                0x00000038       0x20 build/obj/vectors.o
 .debug_aranges
                0x00000058       0x50 build/obj/chcore_v7m.o
 .debug_aranges
                0x000000a8       0x30 build/obj/nvic.o
 .debug_aranges
                0x000000d8       0x30 build/obj/chsys.o
 .debug_aranges
                0x00000108       0x30 build/obj/chvt.o
 .debug_aranges
                0x00000138       0x68 build/obj/chschd.o
 .debug_aranges
                0x000001a0       0x78 build/obj/chthreads.o
 .debug_aranges
                0x00000218       0x38 build/obj/chdynamic.o
 .debug_aranges
                0x00000250       0x28 build/obj/chregistry.o
 .debug_aranges
                0x00000278       0x58 build/obj/chmtx.o
 .debug_aranges
                0x000002d0       0xa0 build/obj/chevents.o
 .debug_aranges
                0x00000370       0x70 build/obj/chqueues.o
 .debug_aranges
                0x000003e0       0x38 build/obj/chmemcore.o
 .debug_aranges
                0x00000418       0x40 build/obj/chheap.o
 .debug_aranges
                0x00000458       0x48 build/obj/chmempools.o
 .debug_aranges
                0x000004a0       0x30 build/obj/hal.o
 .debug_aranges
                0x000004d0       0x50 build/obj/pwm.o
 .debug_aranges
                0x00000520       0x88 build/obj/serial.o
 .debug_aranges
                0x000005a8       0xb0 build/obj/serial_usb.o
 .debug_aranges
                0x00000658       0x98 build/obj/spi.o
 .debug_aranges
                0x000006f0       0xa8 build/obj/usb.o
 .debug_aranges
                0x00000798       0xb0 build/obj/stm32_dma.o
 .debug_aranges
                0x00000848       0x28 build/obj/hal_lld.o
 .debug_aranges
                0x00000870       0x28 build/obj/pal_lld.o
 .debug_aranges
                0x00000898       0xd8 build/obj/usb_lld.o
 .debug_aranges
                0x00000970       0x78 build/obj/spi_lld.o
 .debug_aranges
                0x000009e8       0x48 build/obj/pwm_lld.o
 .debug_aranges
                0x00000a30       0x58 build/obj/serial_lld.o
 .debug_aranges
                0x00000a88       0x28 build/obj/board.o
 .debug_aranges
                0x00000ab0       0x60 build/obj/shell.o
 .debug_aranges
                0x00000b10       0x28 build/obj/chprintf.o
 .debug_aranges
                0x00000b38       0x48 build/obj/main.o
 .debug_aranges
                0x00000b80       0x28 build/obj/usbcfg.o

.debug_ranges   0x00000000     0x1678
 .debug_ranges  0x00000000       0xe0 build/obj/crt0.o
 .debug_ranges  0x000000e0       0x10 build/obj/vectors.o
 .debug_ranges  0x000000f0       0x58 build/obj/chcore_v7m.o
 .debug_ranges  0x00000148       0x20 build/obj/nvic.o
 .debug_ranges  0x00000168       0x20 build/obj/chsys.o
 .debug_ranges  0x00000188       0x20 build/obj/chvt.o
 .debug_ranges  0x000001a8      0x1d0 build/obj/chschd.o
 .debug_ranges  0x00000378       0xc8 build/obj/chthreads.o
 .debug_ranges  0x00000440       0x28 build/obj/chdynamic.o
 .debug_ranges  0x00000468       0x18 build/obj/chregistry.o
 .debug_ranges  0x00000480      0x228 build/obj/chmtx.o
 .debug_ranges  0x000006a8       0xa8 build/obj/chevents.o
 .debug_ranges  0x00000750       0xd8 build/obj/chqueues.o
 .debug_ranges  0x00000828       0x28 build/obj/chmemcore.o
 .debug_ranges  0x00000850       0x30 build/obj/chheap.o
 .debug_ranges  0x00000880       0xf8 build/obj/chmempools.o
 .debug_ranges  0x00000978       0x20 build/obj/hal.o
 .debug_ranges  0x00000998       0x70 build/obj/pwm.o
 .debug_ranges  0x00000a08       0xa8 build/obj/serial.o
 .debug_ranges  0x00000ab0       0xb8 build/obj/serial_usb.o
 .debug_ranges  0x00000b68      0x130 build/obj/spi.o
 .debug_ranges  0x00000c98       0xe0 build/obj/usb.o
 .debug_ranges  0x00000d78       0xa0 build/obj/stm32_dma.o
 .debug_ranges  0x00000e18       0x30 build/obj/hal_lld.o
 .debug_ranges  0x00000e48      0x120 build/obj/pal_lld.o
 .debug_ranges  0x00000f68      0x3b8 build/obj/usb_lld.o
 .debug_ranges  0x00001320       0x68 build/obj/spi_lld.o
 .debug_ranges  0x00001388       0x68 build/obj/pwm_lld.o
 .debug_ranges  0x000013f0       0x78 build/obj/serial_lld.o
 .debug_ranges  0x00001468       0x18 build/obj/board.o
 .debug_ranges  0x00001480      0x130 build/obj/shell.o
 .debug_ranges  0x000015b0       0x18 build/obj/chprintf.o
 .debug_ranges  0x000015c8       0x98 build/obj/main.o
 .debug_ranges  0x00001660       0x18 build/obj/usbcfg.o

.debug_line     0x00000000     0x7747
 .debug_line    0x00000000      0x184 build/obj/crt0.o
 .debug_line    0x00000184      0x10e build/obj/vectors.o
 .debug_line    0x00000292      0x27e build/obj/chcore_v7m.o
 .debug_line    0x00000510      0x14d build/obj/nvic.o
 .debug_line    0x0000065d      0x2ab build/obj/chsys.o
 .debug_line    0x00000908      0x1bf build/obj/chvt.o
 .debug_line    0x00000ac7      0x3a1 build/obj/chschd.o
 .debug_line    0x00000e68      0x3ec build/obj/chthreads.o
 .debug_line    0x00001254      0x2ce build/obj/chdynamic.o
 .debug_line    0x00001522      0x278 build/obj/chregistry.o
 .debug_line    0x0000179a      0x3cb build/obj/chmtx.o
 .debug_line    0x00001b65      0x397 build/obj/chevents.o
 .debug_line    0x00001efc      0x439 build/obj/chqueues.o
 .debug_line    0x00002335      0x1bb build/obj/chmemcore.o
 .debug_line    0x000024f0      0x314 build/obj/chheap.o
 .debug_line    0x00002804      0x25e build/obj/chmempools.o
 .debug_line    0x00002a62      0x38f build/obj/hal.o
 .debug_line    0x00002df1      0x268 build/obj/pwm.o
 .debug_line    0x00003059      0x4a1 build/obj/serial.o
 .debug_line    0x000034fa      0x54d build/obj/serial_usb.o
 .debug_line    0x00003a47      0x502 build/obj/spi.o
 .debug_line    0x00003f49      0x5ce build/obj/usb.o
 .debug_line    0x00004517      0x48c build/obj/stm32_dma.o
 .debug_line    0x000049a3      0x23e build/obj/hal_lld.o
 .debug_line    0x00004be1      0x265 build/obj/pal_lld.o
 .debug_line    0x00004e46      0x8bf build/obj/usb_lld.o
 .debug_line    0x00005705      0x573 build/obj/spi_lld.o
 .debug_line    0x00005c78      0x380 build/obj/pwm_lld.o
 .debug_line    0x00005ff8      0x4a7 build/obj/serial_lld.o
 .debug_line    0x0000649f      0x213 build/obj/board.o
 .debug_line    0x000066b2      0x467 build/obj/shell.o
 .debug_line    0x00006b19      0x365 build/obj/chprintf.o
 .debug_line    0x00006e7e      0x590 build/obj/main.o
 .debug_line    0x0000740e      0x339 build/obj/usbcfg.o

.debug_str      0x00000000     0x35e7
 .debug_str     0x00000000      0x1b9 build/obj/crt0.o
                                0x1f3 (size before relaxing)
 .debug_str     0x000001b9      0x165 build/obj/vectors.o
                                0x21e (size before relaxing)
 .debug_str     0x0000031e      0x2f3 build/obj/chcore_v7m.o
                                0x3c6 (size before relaxing)
 .debug_str     0x00000611       0xb6 build/obj/nvic.o
                                0x1f0 (size before relaxing)
 .debug_str     0x000006c7      0x225 build/obj/chsys.o
                                0x49e (size before relaxing)
 .debug_str     0x000008ec       0x56 build/obj/chvt.o
                                0x171 (size before relaxing)
 .debug_str     0x00000942       0xf5 build/obj/chschd.o
                                0x3d3 (size before relaxing)
 .debug_str     0x00000a37       0xf3 build/obj/chthreads.o
                                0x43e (size before relaxing)
 .debug_str     0x00000b2a      0x12d build/obj/chdynamic.o
                                0x3b5 (size before relaxing)
 .debug_str     0x00000c57       0x62 build/obj/chregistry.o
                                0x3c1 (size before relaxing)
 .debug_str     0x00000cb9       0xb1 build/obj/chmtx.o
                                0x358 (size before relaxing)
 .debug_str     0x00000d6a      0x1d9 build/obj/chevents.o
                                0x47c (size before relaxing)
 .debug_str     0x00000f43      0x146 build/obj/chqueues.o
                                0x3e3 (size before relaxing)
 .debug_str     0x00001089       0x90 build/obj/chmemcore.o
                                0x15c (size before relaxing)
 .debug_str     0x00001119       0x68 build/obj/chheap.o
                                0x33c (size before relaxing)
 .debug_str     0x00001181       0x75 build/obj/chmempools.o
                                0x1aa (size before relaxing)
 .debug_str     0x000011f6      0x1a6 build/obj/hal.o
                                0x270 (size before relaxing)
 .debug_str     0x0000139c      0x1d6 build/obj/pwm.o
                                0x2cb (size before relaxing)
 .debug_str     0x00001572      0x17c build/obj/serial.o
                                0x550 (size before relaxing)
 .debug_str     0x000016ee      0x7e2 build/obj/serial_usb.o
                                0xc23 (size before relaxing)
 .debug_str     0x00001ed0      0x2ee build/obj/spi.o
                                0x609 (size before relaxing)
 .debug_str     0x000021be      0x2d0 build/obj/usb.o
                                0xc49 (size before relaxing)
 .debug_str     0x0000248e      0x767 build/obj/stm32_dma.o
                                0x928 (size before relaxing)
 .debug_str     0x00002bf5       0xde build/obj/hal_lld.o
                                0x310 (size before relaxing)
 .debug_str     0x00002cd3       0x97 build/obj/pal_lld.o
                                0x363 (size before relaxing)
 .debug_str     0x00002d6a      0x224 build/obj/usb_lld.o
                               0x13ca (size before relaxing)
 .debug_str     0x00002f8e       0xc7 build/obj/spi_lld.o
                                0x6af (size before relaxing)
 .debug_str     0x00003055       0x79 build/obj/pwm_lld.o
                                0x908 (size before relaxing)
 .debug_str     0x000030ce       0x96 build/obj/serial_lld.o
                                0xb02 (size before relaxing)
 .debug_str     0x00003164       0x4a build/obj/board.o
                                0x1c8 (size before relaxing)
 .debug_str     0x000031ae      0x1aa build/obj/shell.o
                                0x595 (size before relaxing)
 .debug_str     0x00003358       0xea build/obj/chprintf.o
                                0x209 (size before relaxing)
 .debug_str     0x00003442       0x86 build/obj/main.o
                                0xe14 (size before relaxing)
 .debug_str     0x000034c8      0x11f build/obj/usbcfg.o
                                0xb9a (size before relaxing)

.comment        0x00000000       0x30
 .comment       0x00000000       0x30 build/obj/crt0.o
                                 0x31 (size before relaxing)
 .comment       0x00000000       0x31 build/obj/vectors.o
 .comment       0x00000000       0x31 build/obj/chcore_v7m.o
 .comment       0x00000000       0x31 build/obj/nvic.o
 .comment       0x00000000       0x31 build/obj/chsys.o
 .comment       0x00000000       0x31 build/obj/chvt.o
 .comment       0x00000000       0x31 build/obj/chschd.o
 .comment       0x00000000       0x31 build/obj/chthreads.o
 .comment       0x00000000       0x31 build/obj/chdynamic.o
 .comment       0x00000000       0x31 build/obj/chregistry.o
 .comment       0x00000000       0x31 build/obj/chmtx.o
 .comment       0x00000000       0x31 build/obj/chevents.o
 .comment       0x00000000       0x31 build/obj/chqueues.o
 .comment       0x00000000       0x31 build/obj/chmemcore.o
 .comment       0x00000000       0x31 build/obj/chheap.o
 .comment       0x00000000       0x31 build/obj/chmempools.o
 .comment       0x00000000       0x31 build/obj/hal.o
 .comment       0x00000000       0x31 build/obj/pwm.o
 .comment       0x00000000       0x31 build/obj/serial.o
 .comment       0x00000000       0x31 build/obj/serial_usb.o
 .comment       0x00000000       0x31 build/obj/spi.o
 .comment       0x00000000       0x31 build/obj/usb.o
 .comment       0x00000000       0x31 build/obj/stm32_dma.o
 .comment       0x00000000       0x31 build/obj/hal_lld.o
 .comment       0x00000000       0x31 build/obj/pal_lld.o
 .comment       0x00000000       0x31 build/obj/usb_lld.o
 .comment       0x00000000       0x31 build/obj/spi_lld.o
 .comment       0x00000000       0x31 build/obj/pwm_lld.o
 .comment       0x00000000       0x31 build/obj/serial_lld.o
 .comment       0x00000000       0x31 build/obj/board.o
 .comment       0x00000000       0x31 build/obj/shell.o
 .comment       0x00000000       0x31 build/obj/chprintf.o
 .comment       0x00000000       0x31 build/obj/main.o
 .comment       0x00000000       0x31 build/obj/usbcfg.o

.ARM.attributes
                0x00000000       0x33
 .ARM.attributes
                0x00000000       0x33 build/obj/crt0.o
 .ARM.attributes
                0x00000033       0x33 build/obj/vectors.o
 .ARM.attributes
                0x00000066       0x33 build/obj/chcore_v7m.o
 .ARM.attributes
                0x00000099       0x33 build/obj/nvic.o
 .ARM.attributes
                0x000000cc       0x33 build/obj/chsys.o
 .ARM.attributes
                0x000000ff       0x33 build/obj/chvt.o
 .ARM.attributes
                0x00000132       0x33 build/obj/chschd.o
 .ARM.attributes
                0x00000165       0x33 build/obj/chthreads.o
 .ARM.attributes
                0x00000198       0x33 build/obj/chdynamic.o
 .ARM.attributes
                0x000001cb       0x33 build/obj/chregistry.o
 .ARM.attributes
                0x000001fe       0x33 build/obj/chmtx.o
 .ARM.attributes
                0x00000231       0x33 build/obj/chevents.o
 .ARM.attributes
                0x00000264       0x33 build/obj/chqueues.o
 .ARM.attributes
                0x00000297       0x33 build/obj/chmemcore.o
 .ARM.attributes
                0x000002ca       0x33 build/obj/chheap.o
 .ARM.attributes
                0x000002fd       0x33 build/obj/chmempools.o
 .ARM.attributes
                0x00000330       0x33 build/obj/hal.o
 .ARM.attributes
                0x00000363       0x33 build/obj/pwm.o
 .ARM.attributes
                0x00000396       0x33 build/obj/serial.o
 .ARM.attributes
                0x000003c9       0x33 build/obj/serial_usb.o
 .ARM.attributes
                0x000003fc       0x33 build/obj/spi.o
 .ARM.attributes
                0x0000042f       0x33 build/obj/usb.o
 .ARM.attributes
                0x00000462       0x33 build/obj/stm32_dma.o
 .ARM.attributes
                0x00000495       0x33 build/obj/hal_lld.o
 .ARM.attributes
                0x000004c8       0x33 build/obj/pal_lld.o
 .ARM.attributes
                0x000004fb       0x33 build/obj/usb_lld.o
 .ARM.attributes
                0x0000052e       0x33 build/obj/spi_lld.o
 .ARM.attributes
                0x00000561       0x33 build/obj/pwm_lld.o
 .ARM.attributes
                0x00000594       0x33 build/obj/serial_lld.o
 .ARM.attributes
                0x000005c7       0x33 build/obj/board.o
 .ARM.attributes
                0x000005fa       0x33 build/obj/shell.o
 .ARM.attributes
                0x0000062d       0x33 build/obj/chprintf.o
 .ARM.attributes
                0x00000660       0x33 build/obj/main.o
 .ARM.attributes
                0x00000693       0x33 build/obj/usbcfg.o
 .ARM.attributes
                0x000006c6       0x29 /home/dpeter/CodeSourcery/Sourcery_CodeBench_Lite_for_ARM_EABI/bin/../lib/gcc/arm-none-eabi/4.7.3/../../../../arm-none-eabi/lib/thumb2/libc.a(lib_a-memset.o)
 .ARM.attributes
                0x000006ef       0x29 /home/dpeter/CodeSourcery/Sourcery_CodeBench_Lite_for_ARM_EABI/bin/../lib/gcc/arm-none-eabi/4.7.3/../../../../arm-none-eabi/lib/thumb2/libc.a(lib_a-strcasecmp.o)
 .ARM.attributes
                0x00000718       0x29 /home/dpeter/CodeSourcery/Sourcery_CodeBench_Lite_for_ARM_EABI/bin/../lib/gcc/arm-none-eabi/4.7.3/../../../../arm-none-eabi/lib/thumb2/libc.a(lib_a-strlen.o)
 .ARM.attributes
                0x00000741       0x29 /home/dpeter/CodeSourcery/Sourcery_CodeBench_Lite_for_ARM_EABI/bin/../lib/gcc/arm-none-eabi/4.7.3/../../../../arm-none-eabi/lib/thumb2/libc.a(lib_a-strpbrk.o)
 .ARM.attributes
                0x0000076a       0x29 /home/dpeter/CodeSourcery/Sourcery_CodeBench_Lite_for_ARM_EABI/bin/../lib/gcc/arm-none-eabi/4.7.3/../../../../arm-none-eabi/lib/thumb2/libc.a(lib_a-strspn.o)
 .ARM.attributes
                0x00000793       0x29 /home/dpeter/CodeSourcery/Sourcery_CodeBench_Lite_for_ARM_EABI/bin/../lib/gcc/arm-none-eabi/4.7.3/../../../../arm-none-eabi/lib/thumb2/libc.a(lib_a-ctype_.o)

.debug_frame    0x00000000     0x1e0c
 .debug_frame   0x00000000       0x50 build/obj/crt0.o
 .debug_frame   0x00000050       0x20 build/obj/vectors.o
 .debug_frame   0x00000070       0x98 build/obj/chcore_v7m.o
 .debug_frame   0x00000108       0x64 build/obj/nvic.o
 .debug_frame   0x0000016c       0x5c build/obj/chsys.o
 .debug_frame   0x000001c8       0x4c build/obj/chvt.o
 .debug_frame   0x00000214       0xf0 build/obj/chschd.o
 .debug_frame   0x00000304      0x160 build/obj/chthreads.o
 .debug_frame   0x00000464       0x80 build/obj/chdynamic.o
 .debug_frame   0x000004e4       0x3c build/obj/chregistry.o
 .debug_frame   0x00000520       0xe4 build/obj/chmtx.o
 .debug_frame   0x00000604      0x1d8 build/obj/chevents.o
 .debug_frame   0x000007dc      0x170 build/obj/chqueues.o
 .debug_frame   0x0000094c       0x50 build/obj/chmemcore.o
 .debug_frame   0x0000099c       0x98 build/obj/chheap.o
 .debug_frame   0x00000a34       0x90 build/obj/chmempools.o
 .debug_frame   0x00000ac4       0x4c build/obj/hal.o
 .debug_frame   0x00000b10       0xb0 build/obj/pwm.o
 .debug_frame   0x00000bc0      0x13c build/obj/serial.o
 .debug_frame   0x00000cfc      0x1b4 build/obj/serial_usb.o
 .debug_frame   0x00000eb0      0x1a8 build/obj/spi.o
 .debug_frame   0x00001058      0x208 build/obj/usb.o
 .debug_frame   0x00001260      0x230 build/obj/stm32_dma.o
 .debug_frame   0x00001490       0x40 build/obj/hal_lld.o
 .debug_frame   0x000014d0       0x68 build/obj/pal_lld.o
 .debug_frame   0x00001538      0x278 build/obj/usb_lld.o
 .debug_frame   0x000017b0      0x13c build/obj/spi_lld.o
 .debug_frame   0x000018ec       0xb0 build/obj/pwm_lld.o
 .debug_frame   0x0000199c       0xe0 build/obj/serial_lld.o
 .debug_frame   0x00001a7c       0x30 build/obj/board.o
 .debug_frame   0x00001aac      0x114 build/obj/shell.o
 .debug_frame   0x00001bc0       0x70 build/obj/chprintf.o
 .debug_frame   0x00001c30       0xcc build/obj/main.o
 .debug_frame   0x00001cfc       0x40 build/obj/usbcfg.o
 .debug_frame   0x00001d3c       0x2c /home/dpeter/CodeSourcery/Sourcery_CodeBench_Lite_for_ARM_EABI/bin/../lib/gcc/arm-none-eabi/4.7.3/../../../../arm-none-eabi/lib/thumb2/libc.a(lib_a-memset.o)
 .debug_frame   0x00001d68       0x2c /home/dpeter/CodeSourcery/Sourcery_CodeBench_Lite_for_ARM_EABI/bin/../lib/gcc/arm-none-eabi/4.7.3/../../../../arm-none-eabi/lib/thumb2/libc.a(lib_a-strcasecmp.o)
 .debug_frame   0x00001d94       0x20 /home/dpeter/CodeSourcery/Sourcery_CodeBench_Lite_for_ARM_EABI/bin/../lib/gcc/arm-none-eabi/4.7.3/../../../../arm-none-eabi/lib/thumb2/libc.a(lib_a-strlen.o)
 .debug_frame   0x00001db4       0x2c /home/dpeter/CodeSourcery/Sourcery_CodeBench_Lite_for_ARM_EABI/bin/../lib/gcc/arm-none-eabi/4.7.3/../../../../arm-none-eabi/lib/thumb2/libc.a(lib_a-strpbrk.o)
 .debug_frame   0x00001de0       0x2c /home/dpeter/CodeSourcery/Sourcery_CodeBench_Lite_for_ARM_EABI/bin/../lib/gcc/arm-none-eabi/4.7.3/../../../../arm-none-eabi/lib/thumb2/libc.a(lib_a-strspn.o)

.debug_loc      0x00000000     0x8997
 .debug_loc     0x00000000      0x10c build/obj/chcore_v7m.o
 .debug_loc     0x0000010c      0x1ca build/obj/nvic.o
 .debug_loc     0x000002d6       0xb6 build/obj/chsys.o
 .debug_loc     0x0000038c       0x87 build/obj/chvt.o
 .debug_loc     0x00000413      0x327 build/obj/chschd.o
 .debug_loc     0x0000073a      0x526 build/obj/chthreads.o
 .debug_loc     0x00000c60      0x2fa build/obj/chdynamic.o
 .debug_loc     0x00000f5a       0xb7 build/obj/chregistry.o
 .debug_loc     0x00001011      0x4b6 build/obj/chmtx.o
 .debug_loc     0x000014c7      0x8a3 build/obj/chevents.o
 .debug_loc     0x00001d6a      0x8d1 build/obj/chqueues.o
 .debug_loc     0x0000263b      0x114 build/obj/chmemcore.o
 .debug_loc     0x0000274f      0x37d build/obj/chheap.o
 .debug_loc     0x00002acc      0x27c build/obj/chmempools.o
 .debug_loc     0x00002d48       0xa7 build/obj/hal.o
 .debug_loc     0x00002def      0x25f build/obj/pwm.o
 .debug_loc     0x0000304e      0x587 build/obj/serial.o
 .debug_loc     0x000035d5      0x90d build/obj/serial_usb.o
 .debug_loc     0x00003ee2      0x793 build/obj/spi.o
 .debug_loc     0x00004675      0xcfd build/obj/usb.o
 .debug_loc     0x00005372      0x4bd build/obj/stm32_dma.o
 .debug_loc     0x0000582f       0x20 build/obj/hal_lld.o
 .debug_loc     0x0000584f      0x193 build/obj/pal_lld.o
 .debug_loc     0x000059e2     0x1076 build/obj/usb_lld.o
 .debug_loc     0x00006a58      0x3b1 build/obj/spi_lld.o
 .debug_loc     0x00006e09      0x2e9 build/obj/pwm_lld.o
 .debug_loc     0x000070f2      0x39e build/obj/serial_lld.o
 .debug_loc     0x00007490      0x791 build/obj/shell.o
 .debug_loc     0x00007c21      0x783 build/obj/chprintf.o
 .debug_loc     0x000083a4      0x4e4 build/obj/main.o
 .debug_loc     0x00008888      0x10f build/obj/usbcfg.o

Cross Reference Table

Symbol                                            File
BusFaultVector                                    build/obj/vectors.o
DebugMonitorVector                                build/obj/vectors.o
HardFaultVector                                   build/obj/vectors.o
MemManageVector                                   build/obj/vectors.o
NMIVector                                         build/obj/vectors.o
PWMD4                                             build/obj/pwm_lld.o
PendSVVector                                      build/obj/vectors.o
ResetHandler                                      build/obj/crt0.o
                                                  build/obj/vectors.o
SD1                                               build/obj/serial_lld.o
SD2                                               build/obj/serial_lld.o
                                                  build/obj/main.o
SDU1                                              build/obj/main.o
                                                  build/obj/usbcfg.o
SPID1                                             build/obj/spi_lld.o
SPID2                                             build/obj/spi_lld.o
SVCallVector                                      build/obj/chcore_v7m.o
                                                  build/obj/vectors.o
SysTickVector                                     build/obj/chcore_v7m.o
                                                  build/obj/vectors.o
TestThread                                        build/obj/test.o
USBD1                                             build/obj/usb_lld.o
                                                  build/obj/usbcfg.o
UsageFaultVector                                  build/obj/vectors.o
Vector100                                         build/obj/vectors.o
Vector104                                         build/obj/vectors.o
Vector108                                         build/obj/vectors.o
Vector10C                                         build/obj/vectors.o
Vector110                                         build/obj/vectors.o
Vector114                                         build/obj/vectors.o
Vector118                                         build/obj/vectors.o
Vector11C                                         build/obj/vectors.o
Vector120                                         build/obj/stm32_dma.o
                                                  build/obj/vectors.o
Vector124                                         build/obj/stm32_dma.o
                                                  build/obj/vectors.o
Vector128                                         build/obj/stm32_dma.o
                                                  build/obj/vectors.o
Vector12C                                         build/obj/stm32_dma.o
                                                  build/obj/vectors.o
Vector130                                         build/obj/stm32_dma.o
                                                  build/obj/vectors.o
Vector134                                         build/obj/vectors.o
Vector138                                         build/obj/vectors.o
Vector13C                                         build/obj/vectors.o
Vector140                                         build/obj/vectors.o
Vector144                                         build/obj/vectors.o
Vector148                                         build/obj/vectors.o
Vector14C                                         build/obj/usb_lld.o
                                                  build/obj/vectors.o
Vector150                                         build/obj/stm32_dma.o
                                                  build/obj/vectors.o
Vector154                                         build/obj/stm32_dma.o
                                                  build/obj/vectors.o
Vector158                                         build/obj/stm32_dma.o
                                                  build/obj/vectors.o
Vector15C                                         build/obj/vectors.o
Vector160                                         build/obj/vectors.o
Vector164                                         build/obj/vectors.o
Vector168                                         build/obj/vectors.o
Vector16C                                         build/obj/vectors.o
Vector170                                         build/obj/vectors.o
Vector174                                         build/obj/vectors.o
Vector178                                         build/obj/vectors.o
Vector17C                                         build/obj/vectors.o
Vector180                                         build/obj/vectors.o
Vector184                                         build/obj/vectors.o
Vector1C                                          build/obj/vectors.o
Vector20                                          build/obj/vectors.o
Vector24                                          build/obj/vectors.o
Vector28                                          build/obj/vectors.o
Vector34                                          build/obj/vectors.o
Vector40                                          build/obj/vectors.o
Vector44                                          build/obj/vectors.o
Vector48                                          build/obj/vectors.o
Vector4C                                          build/obj/vectors.o
Vector50                                          build/obj/vectors.o
Vector54                                          build/obj/vectors.o
Vector58                                          build/obj/vectors.o
Vector5C                                          build/obj/vectors.o
Vector60                                          build/obj/vectors.o
Vector64                                          build/obj/vectors.o
Vector68                                          build/obj/vectors.o
Vector6C                                          build/obj/stm32_dma.o
                                                  build/obj/vectors.o
Vector70                                          build/obj/stm32_dma.o
                                                  build/obj/vectors.o
Vector74                                          build/obj/stm32_dma.o
                                                  build/obj/vectors.o
Vector78                                          build/obj/stm32_dma.o
                                                  build/obj/vectors.o
Vector7C                                          build/obj/stm32_dma.o
                                                  build/obj/vectors.o
Vector80                                          build/obj/stm32_dma.o
                                                  build/obj/vectors.o
Vector84                                          build/obj/stm32_dma.o
                                                  build/obj/vectors.o
Vector88                                          build/obj/vectors.o
Vector8C                                          build/obj/vectors.o
Vector90                                          build/obj/vectors.o
Vector94                                          build/obj/vectors.o
Vector98                                          build/obj/vectors.o
Vector9C                                          build/obj/vectors.o
VectorA0                                          build/obj/vectors.o
VectorA4                                          build/obj/vectors.o
VectorA8                                          build/obj/vectors.o
VectorAC                                          build/obj/vectors.o
VectorB0                                          build/obj/vectors.o
VectorB4                                          build/obj/vectors.o
VectorB8                                          build/obj/pwm_lld.o
                                                  build/obj/vectors.o
VectorBC                                          build/obj/vectors.o
VectorC0                                          build/obj/vectors.o
VectorC4                                          build/obj/vectors.o
VectorC8                                          build/obj/vectors.o
VectorCC                                          build/obj/vectors.o
VectorD0                                          build/obj/vectors.o
VectorD4                                          build/obj/serial_lld.o
                                                  build/obj/vectors.o
VectorD8                                          build/obj/serial_lld.o
                                                  build/obj/vectors.o
VectorDC                                          build/obj/vectors.o
VectorE0                                          build/obj/vectors.o
VectorE4                                          build/obj/vectors.o
VectorE8                                          build/obj/vectors.o
VectorEC                                          build/obj/vectors.o
VectorF0                                          build/obj/vectors.o
VectorF4                                          build/obj/vectors.o
VectorF8                                          build/obj/vectors.o
VectorFC                                          build/obj/stm32_dma.o
                                                  build/obj/vectors.o
__ctype_ptr__                                     /home/dpeter/CodeSourcery/Sourcery_CodeBench_Lite_for_ARM_EABI/bin/../lib/gcc/arm-none-eabi/4.7.3/../../../../arm-none-eabi/lib/thumb2/libc.a(lib_a-ctype_.o)
                                                  /home/dpeter/CodeSourcery/Sourcery_CodeBench_Lite_for_ARM_EABI/bin/../lib/gcc/arm-none-eabi/4.7.3/../../../../arm-none-eabi/lib/thumb2/libc.a(lib_a-strcasecmp.o)
__early_init                                      build/obj/board.o
                                                  build/obj/crt0.o
__fini_array_end                                  build/obj/crt0.o
__fini_array_start                                build/obj/crt0.o
__heap_base__                                     build/obj/chmemcore.o
__heap_end__                                      build/obj/chmemcore.o
__init_array_end                                  build/obj/crt0.o
__init_array_start                                build/obj/crt0.o
__late_init                                       build/obj/crt0.o
__main_stack_base__                               build/obj/crt0.o
__main_stack_end__                                build/obj/vectors.o
                                                  build/obj/crt0.o
__process_stack_base__                            build/obj/crt0.o
__process_stack_end__                             build/obj/crt0.o
_bss_end                                          build/obj/crt0.o
_bss_start                                        build/obj/crt0.o
_core_init                                        build/obj/chmemcore.o
                                                  build/obj/chsys.o
_ctype_                                           /home/dpeter/CodeSourcery/Sourcery_CodeBench_Lite_for_ARM_EABI/bin/../lib/gcc/arm-none-eabi/4.7.3/../../../../arm-none-eabi/lib/thumb2/libc.a(lib_a-ctype_.o)
_data                                             build/obj/crt0.o
_default_exit                                     build/obj/crt0.o
_edata                                            build/obj/crt0.o
_heap_init                                        build/obj/chheap.o
                                                  build/obj/chsys.o
_idle_thread                                      build/obj/chsys.o
_idle_thread_wa                                   build/obj/chsys.o
_pal_lld_init                                     build/obj/pal_lld.o
                                                  build/obj/hal.o
_pal_lld_setgroupmode                             build/obj/pal_lld.o
                                                  build/obj/main.o
                                                  build/obj/pal.o
_port_init                                        build/obj/chcore_v7m.o
                                                  build/obj/chsys.o
_port_irq_epilogue                                build/obj/chcore_v7m.o
                                                  build/obj/serial_lld.o
                                                  build/obj/pwm_lld.o
                                                  build/obj/usb_lld.o
                                                  build/obj/stm32_dma.o
_port_switch                                      build/obj/chcore_v7m.o
                                                  build/obj/chschd.o
_port_switch_from_isr                             build/obj/chcore_v7m.o
_port_thread_start                                build/obj/chcore_v7m.o
                                                  build/obj/chthreads.o
_scheduler_init                                   build/obj/chschd.o
                                                  build/obj/chsys.o
_stm32_dma_streams                                build/obj/stm32_dma.o
                                                  build/obj/spi_lld.o
_test_assert                                      build/obj/test.o
                                                  build/obj/testqueues.o
                                                  build/obj/testdyn.o
                                                  build/obj/testpools.o
                                                  build/obj/testheap.o
                                                  build/obj/testevt.o
                                                  build/obj/testmbox.o
                                                  build/obj/testmtx.o
                                                  build/obj/testsem.o
                                                  build/obj/testthd.o
_test_assert_sequence                             build/obj/test.o
                                                  build/obj/testqueues.o
                                                  build/obj/testdyn.o
                                                  build/obj/testevt.o
                                                  build/obj/testmbox.o
                                                  build/obj/testmsg.o
                                                  build/obj/testmtx.o
                                                  build/obj/testsem.o
                                                  build/obj/testthd.o
_test_assert_time_window                          build/obj/test.o
                                                  build/obj/testevt.o
                                                  build/obj/testmtx.o
                                                  build/obj/testsem.o
                                                  build/obj/testthd.o
_test_fail                                        build/obj/test.o
_textdata                                         build/obj/crt0.o
_thread_init                                      build/obj/chthreads.o
                                                  build/obj/chsys.o
_unhandled_exception                              build/obj/vectors.o
_usb_ep0in                                        build/obj/usb.o
                                                  build/obj/usb_lld.o
_usb_ep0out                                       build/obj/usb.o
                                                  build/obj/usb_lld.o
_usb_ep0setup                                     build/obj/usb.o
                                                  build/obj/usb_lld.o
_usb_reset                                        build/obj/usb.o
                                                  build/obj/usb_lld.o
_vectors                                          build/obj/vectors.o
_vt_init                                          build/obj/chvt.o
                                                  build/obj/chsys.o
boardInit                                         build/obj/board.o
                                                  build/obj/hal.o
btReset                                           build/obj/bluetooth.o
btSetCommandMode                                  build/obj/bluetooth.o
chCondBroadcast                                   build/obj/chcond.o
                                                  build/obj/testmtx.o
chCondBroadcastI                                  build/obj/chcond.o
chCondInit                                        build/obj/chcond.o
                                                  build/obj/testmtx.o
chCondSignal                                      build/obj/chcond.o
                                                  build/obj/testmtx.o
chCondSignalI                                     build/obj/chcond.o
                                                  build/obj/testmtx.o
chCondWait                                        build/obj/chcond.o
                                                  build/obj/testmtx.o
chCondWaitS                                       build/obj/chcond.o
chCondWaitTimeout                                 build/obj/chcond.o
                                                  build/obj/testmtx.o
chCondWaitTimeoutS                                build/obj/chcond.o
chCoreAlloc                                       build/obj/chmemcore.o
                                                  build/obj/chheap.o
chCoreAllocI                                      build/obj/chmemcore.o
chCoreStatus                                      build/obj/chmemcore.o
                                                  build/obj/main.o
                                                  build/obj/testheap.o
chEvtAddEvents                                    build/obj/chevents.o
                                                  build/obj/testevt.o
chEvtBroadcastFlags                               build/obj/chevents.o
                                                  build/obj/testevt.o
chEvtBroadcastFlagsI                              build/obj/chevents.o
                                                  build/obj/shell.o
                                                  build/obj/serial_lld.o
                                                  build/obj/serial_usb.o
                                                  build/obj/serial.o
chEvtDispatch                                     build/obj/chevents.o
                                                  build/obj/testevt.o
chEvtGetAndClearEvents                            build/obj/chevents.o
                                                  build/obj/testevt.o
chEvtGetAndClearFlags                             build/obj/chevents.o
chEvtGetAndClearFlagsI                            build/obj/chevents.o
chEvtRegisterMask                                 build/obj/chevents.o
                                                  build/obj/testevt.o
chEvtSignal                                       build/obj/chevents.o
                                                  build/obj/testevt.o
chEvtSignalI                                      build/obj/chevents.o
chEvtUnregister                                   build/obj/chevents.o
                                                  build/obj/testevt.o
chEvtWaitAll                                      build/obj/chevents.o
                                                  build/obj/testevt.o
chEvtWaitAllTimeout                               build/obj/chevents.o
                                                  build/obj/testevt.o
chEvtWaitAny                                      build/obj/chevents.o
                                                  build/obj/testevt.o
chEvtWaitAnyTimeout                               build/obj/chevents.o
                                                  build/obj/testevt.o
chEvtWaitOne                                      build/obj/chevents.o
                                                  build/obj/testevt.o
chEvtWaitOneTimeout                               build/obj/chevents.o
                                                  build/obj/testevt.o
chHeapAlloc                                       build/obj/chheap.o
                                                  build/obj/testdyn.o
                                                  build/obj/testheap.o
                                                  build/obj/chdynamic.o
chHeapFree                                        build/obj/chheap.o
                                                  build/obj/testdyn.o
                                                  build/obj/testheap.o
                                                  build/obj/chdynamic.o
chHeapInit                                        build/obj/chheap.o
                                                  build/obj/testdyn.o
                                                  build/obj/testheap.o
chHeapStatus                                      build/obj/chheap.o
                                                  build/obj/main.o
                                                  build/obj/testdyn.o
                                                  build/obj/testheap.o
chIQGetTimeout                                    build/obj/chqueues.o
                                                  build/obj/serial_usb.o
                                                  build/obj/serial.o
                                                  build/obj/testbmk.o
                                                  build/obj/testqueues.o
chIQInit                                          build/obj/chqueues.o
                                                  build/obj/serial_usb.o
                                                  build/obj/serial.o
                                                  build/obj/testbmk.o
                                                  build/obj/testqueues.o
chIQPutI                                          build/obj/chqueues.o
                                                  build/obj/serial.o
                                                  build/obj/testbmk.o
                                                  build/obj/testqueues.o
chIQReadTimeout                                   build/obj/chqueues.o
                                                  build/obj/main.o
                                                  build/obj/serial_usb.o
                                                  build/obj/serial.o
                                                  build/obj/testqueues.o
chIQResetI                                        build/obj/chqueues.o
                                                  build/obj/serial_usb.o
                                                  build/obj/serial.o
                                                  build/obj/testqueues.o
chMBFetch                                         build/obj/chmboxes.o
                                                  build/obj/testmbox.o
chMBFetchI                                        build/obj/chmboxes.o
                                                  build/obj/testmbox.o
chMBFetchS                                        build/obj/chmboxes.o
chMBInit                                          build/obj/chmboxes.o
                                                  build/obj/testmbox.o
chMBPost                                          build/obj/chmboxes.o
                                                  build/obj/testmbox.o
chMBPostAhead                                     build/obj/chmboxes.o
                                                  build/obj/testmbox.o
chMBPostAheadI                                    build/obj/chmboxes.o
                                                  build/obj/testmbox.o
chMBPostAheadS                                    build/obj/chmboxes.o
chMBPostI                                         build/obj/chmboxes.o
                                                  build/obj/testmbox.o
chMBPostS                                         build/obj/chmboxes.o
chMBReset                                         build/obj/chmboxes.o
                                                  build/obj/testmbox.o
chMsgRelease                                      build/obj/chmsg.o
                                                  build/obj/testbmk.o
                                                  build/obj/testmsg.o
chMsgSend                                         build/obj/chmsg.o
                                                  build/obj/testbmk.o
                                                  build/obj/testmsg.o
chMsgWait                                         build/obj/chmsg.o
                                                  build/obj/testbmk.o
                                                  build/obj/testmsg.o
chMtxInit                                         build/obj/chmtx.o
                                                  build/obj/spi.o
                                                  build/obj/testbmk.o
                                                  build/obj/testmtx.o
                                                  build/obj/chheap.o
chMtxLock                                         build/obj/chmtx.o
                                                  build/obj/spi.o
                                                  build/obj/testbmk.o
                                                  build/obj/testmtx.o
                                                  build/obj/chheap.o
chMtxLockS                                        build/obj/chmtx.o
                                                  build/obj/chcond.o
chMtxTryLock                                      build/obj/chmtx.o
                                                  build/obj/testmtx.o
chMtxTryLockS                                     build/obj/chmtx.o
chMtxUnlock                                       build/obj/chmtx.o
                                                  build/obj/spi.o
                                                  build/obj/testbmk.o
                                                  build/obj/testmtx.o
                                                  build/obj/chheap.o
chMtxUnlockAll                                    build/obj/chmtx.o
                                                  build/obj/testmtx.o
chMtxUnlockS                                      build/obj/chmtx.o
                                                  build/obj/testmtx.o
                                                  build/obj/chcond.o
chOQGetI                                          build/obj/chqueues.o
                                                  build/obj/serial_lld.o
                                                  build/obj/serial.o
                                                  build/obj/testqueues.o
chOQInit                                          build/obj/chqueues.o
                                                  build/obj/serial_usb.o
                                                  build/obj/serial.o
                                                  build/obj/testqueues.o
chOQPutTimeout                                    build/obj/chqueues.o
                                                  build/obj/serial_usb.o
                                                  build/obj/serial.o
                                                  build/obj/testqueues.o
chOQResetI                                        build/obj/chqueues.o
                                                  build/obj/serial_usb.o
                                                  build/obj/serial.o
                                                  build/obj/testqueues.o
chOQWriteTimeout                                  build/obj/chqueues.o
                                                  build/obj/main.o
                                                  build/obj/serial_usb.o
                                                  build/obj/serial.o
                                                  build/obj/testqueues.o